olme@Olmes-MacBook-Air Assignment1 % git status
On branch main
Your branch is up to date with 'origin/main'.

Untracked files:
  (use "git add <file>..." to include in what will be committed)
        ./

nothing added to commit but untracked files present (use "git add" to track)
olme@Olmes-MacBook-Air Assignment1 % git add .
olme@Olmes-MacBook-Air Assignment1 % git status
On branch main
Your branch is up to date with 'origin/main'.

Changes to be committed:
  (use "git restore --staged <file>..." to unstage)
        new file:   question1.c
        new file:   question1.png

olme@Olmes-MacBook-Air Assignment1 % git commit -m "Question 1 Submission"
[main 4ded37e] Question 1 Submission
 2 files changed, 56 insertions(+)
 create mode 100644 Assignment1/question1.c
 create mode 100644 Assignment1/question1.png
olme@Olmes-MacBook-Air Assignment1 % git push
Enumerating objects: 6, done.
Counting objects: 100% (6/6), done.
Delta compression using up to 8 threads
Compressing objects: 100% (5/5), done.
Writing objects: 100% (5/5), 108.58 KiB | 18.10 MiB/s, done.
Total 5 (delta 0), reused 0 (delta 0), pack-reused 0 (from 0)
To https://github.com/Olme-xD/CSC362_SystemProgramming
   766a7c4..4ded37e  main -> main
olme@Olmes-MacBook-Air Assignment1 % 